// Jest Snapshot v1, https://goo.gl/fbAQLP

exports[`PatientCard renders as expected in snapshot 1`] = `
ShallowWrapper {
  "length": 1,
}
`;
